##ONLY NON-TREATED SAMPLES
> library(tidyverse)
> library(ggplot2)

> avg_noTGFB <- read_csv("/Users/tessforman/SHG_Average_pixel_value_notconverted_noTGFB.csv")
Parsed with column specification:
cols(
  Proportion = col_character(),
  `SHG intensity (a.u.)` = col_double(),
  SEM = col_double(),
  Sample = col_double()
)
> graph <- ggplot(data = avg_noTGFB) 
> graph + geom_point(mapping = aes(x = Proportion, y = `SHG intensity (a.u.)`)) 
+ geom_errorbar(aes(x=Proportion, ymin=`SHG intensity (a.u.)`-SEM, ymax=`SHG intensity (a.u.)`+SEM), width=.2)
+ labs(title = "Average SHG intensity for \ndifferent bioinks")
+ coord_cartesian(ylim = c(1250, 2500))

##TREATED AND NON-TREATED SAMPLES
avg <- read_csv("/Users/tessforman/SHG_Average_pixel_value_notconverted.csv")
Parsed with column specification:
cols(
  Proportion = col_character(),
  `Image intensity mean` = col_double(),
  SEM = col_double(),
  Sample = col_double(),
  TGFB = col_character()

> graph <- ggplot(data = avg) 

graph + geom_point(mapping = aes(x = Proportion, y = `Image intensity mean`, color=TGFB)) 
+ geom_errorbar(aes(x=Proportion, ymin=`Image intensity mean`-SEM, ymax=`Image intensity mean`+SEM), width=.2) 
+ labs(title = "Image intensity mean for \ntreated and nontreated bioinks", y= "SHG intensity (a.u.)") 
+ coord_cartesian(ylim = c(1350, 2500))
